// Jest Snapshot v1, https://goo.gl/fbAQLP

exports[`PageWrapper renders correctly 1`] = `"<div>page child</div>"`;
