// Jest Snapshot v1, https://goo.gl/fbAQLP

exports[`Home renders correctly 1`] = `
Array [
  <div
    className="logo"
  >
    <img
      alt="React Logo"
      src="test-file-stub"
    />
  </div>,
  <p
    className="lead"
  >
    <strong>
      universsr
    </strong>
     is universal React web app boilerplate.
  </p>,
  <br />,
  <a
    href="https://github.com/borisding/universsr"
    rel="noopener noreferrer"
    target="_blank"
  >
    GitHub repository
  </a>,
]
`;
