// Jest Snapshot v1, https://goo.gl/fbAQLP

exports[`Checkbox renders correctly 1`] = `
<input
  checked={true}
  className="my-class"
  id="test-checkbox-id"
  name="testCheckbox"
  onChange={[MockFunction]}
  onClick={[MockFunction]}
  type="checkbox"
/>
`;
