// Jest Snapshot v1, https://goo.gl/fbAQLP

exports[`HttpStatus renders correctly 1`] = `
<div
  className="page"
/>
`;
