// Jest Snapshot v1, https://goo.gl/fbAQLP

exports[`TextInput renders correctly 1`] = `
<input
  autoFocus={true}
  className="my-class"
  id="text-input-id"
  name="textInput"
  onBlur={[MockFunction]}
  onChange={[MockFunction]}
  placeholder="Text input placeholder"
  type="text"
/>
`;
