// Jest Snapshot v1, https://goo.gl/fbAQLP

exports[`ErrorBoundary renders correctly 1`] = `"<div>child</div>"`;
